---
source: src/screens/dashboard.rs
expression: "render_to_string(&dashboard, 60, 24)"
---
┌ALPHA─────────────────────────────────────────────────────┐
│First project                                             │
│                                                          │
│──────────────────────────────────────────────────────────│
│┌Status──────────────────────────────────────────────────┐│
││██████████                                              ││
││██████████                                              ││
││██████████                                              ││
││██████████                                              ││
││██████████ ██████████ ██████████                        ││
││████3█████ ████1█████ ████1█████                        ││
││   Todo    In Progres    Done                           ││
│└────────────────────────────────────────────────────────┘│
│┌Progress────────────────────────────────────────────────┐│
││███████████         1/5 tasks (20%)                     ││
│└────────────────────────────────────────────────────────┘│
│┌Tasks───────────────────────────────────────────────────┐│
││Name                       Status         Priority      ││
││T3                         Todo           High          ││
││T2                         Todo           Medium        ││
││T1                         Todo           Low           ││
││T4                         In Progress    Low           ││
│└────────────────────────────────────────────────────────┘│
└──────────────────────────────────────────────────────────┘
