---
source: src/screens/task_form.rs
expression: "render_to_string(&form, 60, 28)"
---
┌Create Task───────────────────────────────────────────────┐
│┌Name────────────────────────────────────────────────────┐│
││                                                        ││
│└────────────────────────────────────────────────────────┘│
│┌Description─────────────────────────────────────────────┐│
││                                                        ││
││                                                        ││
││                                                        ││
│└────────────────────────────────────────────────────────┘│
│┌Status (←/→)────────────────────────────────────────────┐│
││Todo                                                    ││
│└────────────────────────────────────────────────────────┘│
│┌Priority (←/→)──────────────────────────────────────────┐│
││Medium                                                  ││
│└────────────────────────────────────────────────────────┘│
│┌Dependencies (0 selected)───────────────────────────────┐│
││No dependencies                                         ││
││                                                        ││
││                                                        ││
│└────────────────────────────────────────────────────────┘│
│┌Notes (0)───────────────────────────────────────────────┐│
││No notes yet                                            ││
││                                                        ││
││┌New note──────────────────────────────────────────────┐││
│││                                                      │││
││└──────────────────────────────────────────────────────┘││
│└────────────────────────────────────────────────────────┘│
└──────────────────────────────────────────────────────────┘
