---
source: src/screens/task_list.rs
assertion_line: 664
expression: render_to_string(&screen)
---
┌ALPHA─────────────────────────────────────────────────────┐
│                   Delete task T3? (y/N)                  │
│                                                          │
│                                                          │
│                                                          │
│                                                          │
│                                                          │
│                                                          │
│                                                          │
│                                                          │
│                                                          │
│                                                          │
│                                                          │
│                                                          │
│                                                          │
│                                                          │
│                                                          │
│                                                          │
│                                                          │
│                                                          │
│                                                          │
│                                                          │
│                                                          │
└──────────────────────────────────────────────────────────┘
