---
source: src/screens/project_list.rs
expression: render_to_string(&screen)
---
┌Projects──────────────────────────────────────────────────┐
│No projects yet. Create one? (press 'c')                  │
│                                                          │
│                                                          │
│                                                          │
│                                                          │
│                                                          │
│                                                          │
│                                                          │
│                                                          │
│                                                          │
│                                                          │
│                                                          │
│                                                          │
│                                                          │
│                                                          │
│                                                          │
│                                                          │
│                                                          │
└──────────────────────────────────────────────────────────┘
