---
source: src/screens/project_form.rs
expression: render_to_string(&form)
---
┌Create Project────────────────────────────────────────────┐
│┌Name────────────────────────────────────────────────────┐│
││                                                        ││
│└────────────────────────────────────────────────────────┘│
│┌Description─────────────────────────────────────────────┐│
││                                                        ││
││                                                        ││
││                                                        ││
││                                                        ││
││                                                        ││
│└────────────────────────────────────────────────────────┘│
│                                                          │
│                                                          │
│                                                          │
│                                                          │
│                                                          │
│                                                          │
│                                                          │
│                                                          │
└──────────────────────────────────────────────────────────┘
