---
source: src/screens/dashboard.rs
expression: "render_to_string(&dashboard, 60, 24)"
---
┌EMPTY─────────────────────────────────────────────────────┐
│No tasks here                                             │
│                                                          │
│──────────────────────────────────────────────────────────│
│┌Status──────────────────────────────────────────────────┐│
││                                                        ││
││                                                        ││
││                                                        ││
││                                                        ││
││                                                        ││
││                                                        ││
││   Todo    In Progres    Done                           ││
│└────────────────────────────────────────────────────────┘│
│┌Progress────────────────────────────────────────────────┐│
││                     0/0 tasks (0%)                     ││
│└────────────────────────────────────────────────────────┘│
│             No tasks. Press c to create one.             │
│                                                          │
│                                                          │
│                                                          │
│                                                          │
│                                                          │
│                                                          │
└──────────────────────────────────────────────────────────┘
