---
source: src/tui.rs
expression: render_app_to_string(&mut app)
---
┌Projects──────────────────────────────────────────────────────────────────────┐
│Alpha                                                                         │
│                                                                              │
│                                                                              │
│                                                                              │
│                                                                              │
│                                                                              │
│                                                                              │
│                                                                              │
│                                                                              │
│                                                                              │
│                                                                              │
│                                                                              │
│                                                                              │
│                                                                              │
│                                                                              │
│                                                                              │
│                                                                              │
│                                                                              │
│                                                                              │
│                                                                              │
│                                                                              │
└──────────────────────────────────────────────────────────────────────────────┘
Enter: Open  c: Create  d: Delete  e: Edit  r: Refresh  q: Quit
