---
source: src/tui.rs
expression: render_app_to_string(&mut app)
---
┌Create Task───────────────────────────────────────────────────────────────────┐
│┌Name────────────────────────────────────────────────────────────────────────┐│
││                                                                            ││
│└────────────────────────────────────────────────────────────────────────────┘│
│┌Description─────────────────────────────────────────────────────────────────┐│
││                                                                            ││
││                                                                            ││
││                                                                            ││
│└────────────────────────────────────────────────────────────────────────────┘│
│┌Status (←/→)────────────────────────────────────────────────────────────────┐│
│└────────────────────────────────────────────────────────────────────────────┘│
│┌Priority (←/→)──────────────────────────────────────────────────────────────┐│
│└────────────────────────────────────────────────────────────────────────────┘│
│┌Dependencies (0 selected)───────────────────────────────────────────────────┐│
│└────────────────────────────────────────────────────────────────────────────┘│
│┌Notes (0)───────────────────────────────────────────────────────────────────┐│
││No notes yet                                                                ││
││                                                                            ││
││┌New note──────────────────────────────────────────────────────────────────┐││
│││                                                                          │││
││└──────────────────────────────────────────────────────────────────────────┘││
│└────────────────────────────────────────────────────────────────────────────┘│
└──────────────────────────────────────────────────────────────────────────────┘
Ctrl+s: Submit  Esc: Cancel
