---
source: src/tui.rs
expression: render_app_to_string(&mut app)
---
┌ALPHA─────────────────────────────────────────────────────────────────────────┐
│First project                                                                 │
│                                                                              │
│──────────────────────────────────────────────────────────────────────────────│
│┌Status──────────────────────────────────────────────────────────────────────┐│
││                                                                            ││
││                                                                            ││
││                                                                            ││
││                                                                            ││
││                                                                            ││
││                                                                            ││
││   Todo    In Progres    Done                                               ││
│└────────────────────────────────────────────────────────────────────────────┘│
│┌Progress────────────────────────────────────────────────────────────────────┐│
││                               0/0 tasks (0%)                               ││
│└────────────────────────────────────────────────────────────────────────────┘│
│                       No tasks. Press c to create one.                       │
│                                                                              │
│                                                                              │
│                                                                              │
│                                                                              │
│                                                                              │
└──────────────────────────────────────────────────────────────────────────────┘
j/Down: Down  k/Up: Up  Enter: Edit  Tab: Cycle  d: Delete  f: Filter  c: New Ta
